// Jest Snapshot v1, https://goo.gl/fbAQLP

exports[`Given a Main component when it is rendered should match the snapshot 1`] = `
<styled.div>
  <Connect(Countdown) />
  <Connect(Controller) />
  <div>
    <InfoBox
      current={1}
      title="Round"
      total={4}
    />
    <InfoBox
      current={2}
      title="Goal"
      total={12}
    />
  </div>
</styled.div>
`;
